
> githubspeckit-frontend@0.0.0 build
> tsc -b && vite build

vite v7.1.9 building for production...
transforming...
✓ 13002 modules transformed.
rendering chunks...
